<html>
  <head>
    <script>
      window.ENV.FEATURES = !!QUnit.urlParams.prod ? {"foo-bar":null,"baz":true} : {"foo-bar":null,"baz":true};
    </script>
  </head>
</html>
